// Jest Snapshot v1, https://goo.gl/fbAQLP

exports[`SignIn renders correctly 1`] = `
<div>
  <div
    className="container"
  >
    <div
      className="sign-up-block"
    >
      <div
        className="authentication__box"
      >
        <div
          className="inner__block"
        >
          <form
            onSubmit={[Function]}
          >
            <div
              className="form-wrapper"
            >
              <h2>
                Войти в систему
              </h2>
              <div
                className="line__block"
              >
                <span
                  className="border__line"
                />
              </div>
              <label
                className="block-input"
              >
                
                <input
                  autoComplete="off"
                  id={undefined}
                  mask="+11(111)111-11-11"
                  maxLength={17}
                  name="phone"
                  onBlur={[Function]}
                  onChange={[Function]}
                  onDragStart={[Function]}
                  onDrop={[Function]}
                  onFocus={[Function]}
                  onKeyDown={[Function]}
                  onKeyPress={[Function]}
                  onPaste={[Function]}
                  placeholder="Телефон"
                  size={17}
                  type="tel"
                  value=""
                />
                
              </label>
              <label
                className="block-input"
              >
                
                <input
                  autoComplete="off"
                  id={undefined}
                  name="password"
                  onBlur={[Function]}
                  onChange={[Function]}
                  onDragStart={[Function]}
                  onDrop={[Function]}
                  onFocus={[Function]}
                  placeholder="Пароль"
                  type="password"
                  value=""
                />
                
              </label>
              <button
                disabled={false}
                type="submit"
              >
                Войти
              </button>
              <div />
            </div>
          </form>
        </div>
      </div>
      <p
        className="text-center"
      >
        <a
          href="/authentication/recover-password-first-step"
          onClick={[Function]}
        >
          Забыли пароль?
        </a>
      </p>
    </div>
  </div>
</div>
`;
